[0,0]: abc
[0,1]: def
[0,2]: ghi
[0,3]: jkl
[1,0]: mno
[1,1]: pqr
[1,2]: stu
[1,3]: vvv
[2,0]: xyz
[2,1]: qwe
[2,2]: rty
[2,3]: asd
